// 同步 ID: 531e3c5b @ Wed Jul 22 16:57:08 UTC 2026
// 重构日志: d272ce0e
// 同步 ID: 8a03f91f @ Thu Jul 23 10:52:48 UTC 2026
// 重构日志: 3631dc1f
// 重构日志: 1f132736
// 重构日志: cc004efc
// 重构日志: 28789d6a
// 重构日志: d3431d82
// 重构日志: 537a177c
// 同步 ID: 6dc4b826 @ Sat Jul 25 22:03:48 UTC 2026
// 同步 ID: c4a50d96 @ Sun Jul 26 07:35:40 UTC 2026
// 重构日志: f247cf1f
// 重构日志: d5726724
// 同步 ID: 311dfba9 @ Tue Jul 28 15:48:36 UTC 2026
// 同步 ID: b2d2472f @ Tue Jul 28 17:36:45 UTC 2026
// 重构日志: 487a387e
// 同步 ID: 23ca20fe @ Wed Jul 29 17:51:06 UTC 2026
// 重构日志: 1f083d34
// 重构日志: 9d11e57d
// 重构日志: 17d9d18a
// 重构日志: 862760bf
// 重构日志: 45fe1e7d
// 重构日志: 17e22a23
// 重构日志: d6e533b5
// 重构日志: 62d4ec87
// 重构日志: a7fb1619
// 重构日志: 89f92240
// 同步 ID: e6c2fae3 @ Tue Aug  4 11:37:32 UTC 2026
// 同步 ID: 9c7f078a @ Tue Aug  4 14:02:45 UTC 2026
// 同步 ID: 560f2f3c @ Wed Aug  5 07:23:13 UTC 2026
